########################============================%%%%%%%%%%%%%%%%%%%%
########################============================%%%%%%%%%%%%%%%%%%%%
##....|.........|....###============================%%%%%%%%%%%%%%%%%%%%
##...................###======,,,,,|,,,,,,,,,!,,,,,=%%%%%%%%%%%%%%%%%%%%
##...................###======,,,,,,,,,,,,,,,,,,,,,=%%%%%%%%%%%%%%%%%%%%
##....<..............+.......',,,,,,,,,,g,,,,,,,,,,=%%%%%%%%%%%%%%%%%%%%
##.............j.....###======,,,,,,,,,,,,,,,,,,,,,=%%%%%%%%%%%%%%%%%%%%
##...................###======,,,,,,,,,,,,,,,,,,,,,'.........%%%%%%%%%%%
##...|..........|....###======,,,j,,,,,,,,,,,,,,,,,=%%%%%%%%.%%%%%%%%%%%
##########+#############======,,,,,,,,,,,,,,,,,,,,,=%%%%%%%%.%%%%%%%%%%%
##########.#############======,,,,,,,,,,,,,,,,,,,,,=%%%%%%%%o%%%%%%%%%%%
##########+#############============================%%%%%%%%.%%%%%%%%%%%
########.+.+.###########============================%%%%%%%%.%%%%%%%%%%%
##########+#############============================%%%%%%%%'%%%%%%%%%%%
##########.#############============================%%%***************%%
####,,,,,,,,,,,,,,,#####============================%%%***************%%
####,,,,,,,,,,,,,,,#####============================%%%***************%%
####,,,,,,,,,,,,,,,#####============================%%%***************%%
####,,,,g,,,,,,,,,,#####============================%%%***************%%
####,,,,,,,,,,,,,,,#####============================%%%*******>*******%%
####,,,,,,,,,,,,,,,'......................g.......!...+***************%%
####,,,,,,,,,,,,,,,#####============================%%%***************%%
####,,,,,,,,,,,,,,,#####============================%%%***************%%
####,,,,,,,,,,,,,,,#####============================%%%***************%%
########################============================%%%***************%%
########################============================%%%%%%%%%%%%%%%%%%%%
########################============================%%%%%%%%%%%%%%%%%%%%
########################============================%%%%%%%%%%%%%%%%%%%%
